﻿[36mvite v8.0.3 [32mbuilding client environment for production...[36m[39m
[2K
node.exe : 
At C:\Program Files\nodejs\npx.ps1:29 
char:3
+   & $NODE_EXE $NPX_CLI_JS $args
+   ~~~~~~~~~~~~~~~~~~~~~~~~~~~~~
    + CategoryInfo          : NotSpeci 
   fied: (:String) [], RemoteExceptio  
  n
    + FullyQualifiedErrorId : NativeCo 
   mmandError
 
[1m[33mwarn[39m[22m - The 
`content` option in your Tailwind CSS 
configuration is missing or empty.
[1m[33mwarn[39m[22m - Configure 
your content sources or your generated 
CSS will be missing styles.
[1m[33mwarn[39m[22m - https://tailw
indcss.com/docs/content-configuration
[31mΓ£ù[39m Build failed in 1.15s
transforming...
PWA v1.2.0
mode      generateSW
precache  1 entries (0.00 KiB)
files generated
  dist/sw.js
  dist/workbox-8c29f6e4.js
warnings
  One of the glob patterns doesn't 
match any files. Please remove or fix 
the following: {
  "globDirectory": "D:\\Projects\\Live 
Tracker\\dist",
  "globPattern": 
"**/*.{js,wasm,css,html}",
  "globIgnores": [
    "**/node_modules/**/*",
    "sw.js",
    "workbox-*.js"
  ]
}

[31merror during build:
[31mBuild failed with 1 error:

[plugin vite-plugin-pwa:build]
Error: Build failed with 1 error:

[plugin vite:css] D:/Projects/Live 
Tracker/src/index.css:4:0
CssSyntaxError: [postcss] 
D:/Projects/Live 
Tracker/src/index.css:4:1: The 
`border-border` class does not exist. 
If `border-border` is a custom class, 
make sure it is defined within a 
`@layer` directive.
    at Input.error (D:\Projects\Live Tr
acker\node_modules\postcss\lib\input.js
:135:16)
    at AtRule.error (D:\Projects\Live T
racker\node_modules\postcss\lib\node.js
:146:32)
    at processApply (D:\Projects\Live T
racker\node_modules\tailwindcss\lib\lib
\expandApplyAtRules.js:380:29)
    at D:\Projects\Live Tracker\node_mo
dules\tailwindcss\lib\lib\expandApplyAt
Rules.js:551:9
    at D:\Projects\Live Tracker\node_mo
dules\tailwindcss\lib\processTailwindFe
atures.js:55:50
    at async plugins (D:\Projects\Live 
Tracker\node_modules\tailwindcss\lib\pl
ugin.js:38:17)
    at async LazyResult.runAsync 
(D:\Projects\Live Tracker\node_modules\
postcss\lib\lazy-result.js:293:11)
    at async runPostCSS (file:///D:/Pro
jects/Live%20Tracker/node_modules/vite/
dist/node/chunks/node.js:20945:19)
    at async compilePostCSS (file:///D:
/Projects/Live%20Tracker/node_modules/v
ite/dist/node/chunks/node.js:20929:6)
    at async compileCSS (file:///D:/Pro
jects/Live%20Tracker/node_modules/vite/
dist/node/chunks/node.js:20859:26)
    at 
aggregateBindingErrorsIntoJsError (file
:///D:/Projects/Live%20Tracker/node_mod
ules/rolldown/dist/shared/error-BLhcSye
g.mjs:48:18)
    at plugin (file:///D:/Projects/Live
%20Tracker/node_modules/rolldown/dist/s
hared/bindingify-input-options-e7ze4hPR
.mjs:1024:61)
    at plugin.<computed> (file:///D:/Pr
ojects/Live%20Tracker/node_modules/roll
down/dist/shared/bindingify-input-optio
ns-e7ze4hPR.mjs:1593:18)[31m
    at 
aggregateBindingErrorsIntoJsError (file
:///D:/Projects/Live%20Tracker/node_mod
ules/rolldown/dist/shared/error-BLhcSye
g.mjs:48:18)
    at unwrapBindingResult (file:///D:/
Projects/Live%20Tracker/node_modules/ro
lldown/dist/shared/error-BLhcSyeg.mjs:1
8:128)
    at #build (file:///D:/Projects/Live
%20Tracker/node_modules/rolldown/dist/s
hared/rolldown-build-CPrIX9V6.mjs:3313:
34)
    at async buildEnvironment (file:///
D:/Projects/Live%20Tracker/node_modules
/vite/dist/node/chunks/node.js:32849:64
)
    at async Object.build (file:///D:/P
rojects/Live%20Tracker/node_modules/vit
e/dist/node/chunks/node.js:33271:19)
    at async Object.buildApp (file:///D
:/Projects/Live%20Tracker/node_modules/
vite/dist/node/chunks/node.js:33268:153
)
    at async CAC.<anonymous> (file:///D
:/Projects/Live%20Tracker/node_modules/
vite/dist/node/cli.js:778:3) {
  errors: [Getter/Setter]
}[39m
