src/App.tsx(66,15): error TS6133: 'data' is declared but its value is never read.
src/components/Auth.tsx(1,20): error TS6133: 'useEffect' is declared but its value is never read.
src/components/Auth.tsx(7,22): error TS6133: 'onLogin' is declared but its value is never read.
src/components/Dashboard.tsx(2,10): error TS1484: 'UserLocation' is a type and must be imported using a type-only import when 'verbatimModuleSyntax' is enabled.
src/components/Dashboard.tsx(42,40): error TS2339: Property 'status' does not exist on type '{} | { [key: string]: any; }'.
  Property 'status' does not exist on type '{}'.
src/components/MapView.tsx(1,1): error TS6192: All imports in import declaration are unused.
src/components/MapView.tsx(5,10): error TS1484: 'UserLocation' is a type and must be imported using a type-only import when 'verbatimModuleSyntax' is enabled.
src/components/ui/scroll-area.tsx(1,1): error TS6133: 'React' is declared but its value is never read.
